[www.pixel-industry.com/html/metropolis/metropolis-default/index.html]
[backblue.gif]
[fade.gif]
[index.html]
[www.pixel-industry.com/html/metropolis/metropolis-default/css/basic.css]
[www.pixel-industry.com/html/metropolis/metropolis-default/css/style.css]
[www.pixel-industry.com/html/metropolis/metropolis-default/css/responsive.css]
[www.pixel-industry.com/html/metropolis/metropolis-default/css/red.css]
[www.pixel-industry.com/html/metropolis/metropolis-default/css/prettyPhoto.css]
[www.pixel-industry.com/html/metropolis/metropolis-default/rs-plugin/css/settings.css]
[www.pixel-industry.com/html/metropolis/metropolis-default/rs-plugin/css/revolution.css]
[www.pixel-industry.com/html/metropolis/metropolis-default/pixons/style.css]
[www.pixel-industry.com/html/metropolis/metropolis-default/font-awesome/css/font-awesome.min.css]
[www.pixel-industry.com/html/metropolis/metropolis-default/style-switcher/styleSwitcher.css]
[www.pixel-industry.com/html/metropolis/metropolis-default/img/red/logo.png]
[www.pixel-industry.com/html/metropolis/metropolis-default/about.html]
[www.pixel-industry.com/html/metropolis/metropolis-default/services.html]
[www.pixel-industry.com/html/metropolis/metropolis-default/faq.html]
[www.pixel-industry.com/html/metropolis/metropolis-default/page-sidebar-left.html]
[www.pixel-industry.com/html/metropolis/metropolis-default/page-sidebar-right.html]
[www.pixel-industry.com/html/metropolis/metropolis-default/portfolio1.html]
[www.pixel-industry.com/html/metropolis/metropolis-default/portfolio2.html]
[www.pixel-industry.com/html/metropolis/metropolis-default/portfolio2-alt.html]
[www.pixel-industry.com/html/metropolis/metropolis-default/portfolio3.html]
[www.pixel-industry.com/html/metropolis/metropolis-default/portfolio3-alt.html]
[www.pixel-industry.com/html/metropolis/metropolis-default/portfolio4.html]
[www.pixel-industry.com/html/metropolis/metropolis-default/portfolio4-alt.html]
[www.pixel-industry.com/html/metropolis/metropolis-default/portfolio-gallery.html]
[www.pixel-industry.com/html/metropolis/metropolis-default/portfolio-single.html]
[www.pixel-industry.com/html/metropolis/metropolis-default/blog.html]
[www.pixel-industry.com/html/metropolis/metropolis-default/blog-alt.html]
[www.pixel-industry.com/html/metropolis/metropolis-default/blog-single.html]
[www.pixel-industry.com/html/metropolis/metropolis-default/shortcodes.html]
[www.pixel-industry.com/html/metropolis/metropolis-default/contact.html]
[www.pixel-industry.com/html/metropolis/metropolis-default/img/slider/slide11.jpg]
[www.pixel-industry.com/html/metropolis/metropolis-default/img/slider/slide12.jpg]
[www.pixel-industry.com/html/metropolis/metropolis-default/img/slider/slide13.jpg]
[www.pixel-industry.com/html/metropolis/metropolis-default/img/portfolio/thumb/portfolio-1.jpg]
[www.pixel-industry.com/html/metropolis/metropolis-default/img/portfolio/1col/portfolio-1.jpg]
[www.pixel-industry.com/html/metropolis/metropolis-default/img/portfolio/thumb/portfolio-2.jpg]
[www.pixel-industry.com/html/metropolis/metropolis-default/img/portfolio/1col/portfolio-2.jpg]
[www.pixel-industry.com/html/metropolis/metropolis-default/img/portfolio/thumb/portfolio-3.jpg]
[www.pixel-industry.com/html/metropolis/metropolis-default/img/portfolio/1col/portfolio-3.jpg]
[www.pixel-industry.com/html/metropolis/metropolis-default/img/portfolio/thumb/portfolio-4.jpg]
[www.pixel-industry.com/html/metropolis/metropolis-default/img/portfolio/1col/portfolio-4.jpg]
[www.pixel-industry.com/html/metropolis/metropolis-default/img/portfolio/thumb/portfolio-5.jpg]
[www.pixel-industry.com/html/metropolis/metropolis-default/img/portfolio/1col/portfolio-5.jpg]
[www.pixel-industry.com/html/metropolis/metropolis-default/img/portfolio/thumb/portfolio-6.jpg]
[www.pixel-industry.com/html/metropolis/metropolis-default/img/portfolio/1col/portfolio-6.jpg]
[www.pixel-industry.com/html/metropolis/metropolis-default/img/portfolio/thumb/portfolio-7.jpg]
[www.pixel-industry.com/html/metropolis/metropolis-default/img/portfolio/1col/portfolio-7.jpg]
[www.pixel-industry.com/html/metropolis/metropolis-default/img/portfolio/thumb/portfolio-8.jpg]
[www.pixel-industry.com/html/metropolis/metropolis-default/img/portfolio/1col/portfolio-8.jpg]
[www.pixel-industry.com/html/metropolis/metropolis-default/img/blog/small-1.jpg]
[www.pixel-industry.com/html/metropolis/metropolis-default/img/blog/small-2.jpg]
[www.pixel-industry.com/html/metropolis/metropolis-default/img/blog/small-3.jpg]
[www.pixel-industry.com/html/metropolis/metropolis-default/img/blog/small-4.jpg]
[www.pixel-industry.com/html/metropolis/metropolis-default/img/about/responsive.png]
[www.pixel-industry.com/html/metropolis/metropolis-default/img/about/support.png]
[www.pixel-industry.com/html/metropolis/metropolis-default/img/about/testimon-1.jpg]
[www.pixel-industry.com/html/metropolis/metropolis-default/img/about/testimon-2.jpg]
[www.pixel-industry.com/html/metropolis/metropolis-default/img/about/testimon-3.jpg]
[www.pixel-industry.com/html/metropolis/metropolis-default/img/about/testimon-4.jpg]
[www.pixel-industry.com/html/metropolis/metropolis-default/img/red/logo-footer.png]
[www.pixel-industry.com/html/metropolis/metropolis-default/js/jquery.placeholder.min.js]
[www.pixel-industry.com/html/metropolis/metropolis-default/js/jquery.touchSwipe-1.2.5.js]
[www.pixel-industry.com/html/metropolis/metropolis-default/js/jquery.carouFredSel-6.0.0-packed.js]
[www.pixel-industry.com/html/metropolis/metropolis-default/js/jquery-1.8.3.js]
[www.pixel-industry.com/html/metropolis/metropolis-default/js/portfolio.js]
[www.pixel-industry.com/html/metropolis/metropolis-default/js/jquery.prettyPhoto.js]
[www.pixel-industry.com/html/metropolis/metropolis-default/rs-plugin/js/jquery.themepunch.plugins.min.js]
[www.pixel-industry.com/html/metropolis/metropolis-default/style-switcher/styleSwitcher.js]
[www.pixel-industry.com/html/metropolis/metropolis-default/rs-plugin/js/jquery.themepunch.revolution.min.js]
[www.pixel-industry.com/html/metropolis/metropolis-default/js/include.js]
[www.pixel-industry.com/html/metropolis/metropolis-default/index.html]
[www.pixel-industry.com/html/metropolis/metropolis-default/css/basic.css]
[www.pixel-industry.com/html/metropolis/metropolis-default/img/divider.png]
[www.pixel-industry.com/html/metropolis/metropolis-default/img/sb.png]
[www.pixel-industry.com/html/metropolis/metropolis-default/img/acc-closed.png]
[www.pixel-industry.com/html/metropolis/metropolis-default/img/info-box.png]
[www.pixel-industry.com/html/metropolis/metropolis-default/img/warning-box.png]
[www.pixel-industry.com/html/metropolis/metropolis-default/img/success-box.png]
[www.pixel-industry.com/html/metropolis/metropolis-default/img/error-box.png]
[www.pixel-industry.com/html/metropolis/metropolis-default/img/shadow.png]
[www.pixel-industry.com/html/metropolis/metropolis-default/img/search.png]
[www.pixel-industry.com/html/metropolis/metropolis-default/img/page-title.png]
[www.pixel-industry.com/html/metropolis/metropolis-default/img/icon-home.png]
[www.pixel-industry.com/html/metropolis/metropolis-default/img/cr.png]
[www.pixel-industry.com/html/metropolis/metropolis-default/img/cl.png]
[www.pixel-industry.com/html/metropolis/metropolis-default/img/service-bkg.png]
[www.pixel-industry.com/html/metropolis/metropolis-default/img/faq-closed.png]
[www.pixel-industry.com/html/metropolis/metropolis-default/img/portfolio/zoom.png]
[www.pixel-industry.com/html/metropolis/metropolis-default/img/portfolio/link.png]
[www.pixel-industry.com/html/metropolis/metropolis-default/img/loading.gif]
[www.pixel-industry.com/html/metropolis/metropolis-default/img/aside-arrow.png]
[www.pixel-industry.com/html/metropolis/metropolis-default/img/aside-search.png]
[www.pixel-industry.com/html/metropolis/metropolis-default/img/testimonial-arrow.png]
[www.pixel-industry.com/html/metropolis/metropolis-default/img/testimonial-arrow-footer.png]
[www.pixel-industry.com/html/metropolis/metropolis-default/img/testimonial.png]
[www.pixel-industry.com/html/metropolis/metropolis-default/img/db-footer.png]
[www.pixel-industry.com/html/metropolis/metropolis-default/img/db.png]
[www.pixel-industry.com/html/metropolis/metropolis-default/img/comment.png]
[www.pixel-industry.com/html/metropolis/metropolis-default/css/style.css]
[www.pixel-industry.com/html/metropolis/metropolis-default/css/responsive.css]
[www.pixel-industry.com/html/metropolis/metropolis-default/img/red/search-hover.png]
[www.pixel-industry.com/html/metropolis/metropolis-default/img/rsar.png]
[www.pixel-industry.com/html/metropolis/metropolis-default/img/rsal.png]
[www.pixel-industry.com/html/metropolis/metropolis-default/img/red/rsar-active.png]
[www.pixel-industry.com/html/metropolis/metropolis-default/img/red/rsal-active.png]
[www.pixel-industry.com/html/metropolis/metropolis-default/img/red/faq-opened.png]
[www.pixel-industry.com/html/metropolis/metropolis-default/img/red/acc-opened.png]
[www.pixel-industry.com/html/metropolis/metropolis-default/img/red/arrow.png]
[www.pixel-industry.com/html/metropolis/metropolis-default/img/red/cl-active.png]
[www.pixel-industry.com/html/metropolis/metropolis-default/img/red/cr-active.png]
[www.pixel-industry.com/html/metropolis/metropolis-default/img/red/service-bkg.png]
[www.pixel-industry.com/html/metropolis/metropolis-default/img/red/sb-active.png]
[www.pixel-industry.com/html/metropolis/metropolis-default/img/red/db-active.png]
[www.pixel-industry.com/html/metropolis/metropolis-default/img/red/contact-address.png]
[www.pixel-industry.com/html/metropolis/metropolis-default/img/red/contact-phone.png]
[www.pixel-industry.com/html/metropolis/metropolis-default/img/red/contact-mail.png]
[www.pixel-industry.com/html/metropolis/metropolis-default/css/red.css]
[www.pixel-industry.com/html/metropolis/metropolis-default/css/prettyPhoto.css]
[www.pixel-industry.com/html/metropolis/metropolis-default/rs-plugin/css/settings.css]
[www.pixel-industry.com/html/metropolis/metropolis-default/rs-plugin/assets/arrow.png]
[www.pixel-industry.com/html/metropolis/metropolis-default/rs-plugin/css/revolution.css]
[www.pixel-industry.com/html/metropolis/metropolis-default/pixons/style.css]
[www.pixel-industry.com/html/metropolis/metropolis-default/font-awesome/css/font-awesome.min.css]
[www.pixel-industry.com/html/metropolis/metropolis-default/style-switcher/styleSwitcher.css]
[www.pixel-industry.com/html/metropolis/metropolis-default/style-switcher/img/logo.png]
[www.pixel-industry.com/html/metropolis/metropolis-default/css/nivo-slider.css]
[www.pixel-industry.com/html/metropolis/metropolis-default/img/about/slide1.jpg]
[www.pixel-industry.com/html/metropolis/metropolis-default/img/about/slide2.jpg]
[www.pixel-industry.com/html/metropolis/metropolis-default/img/about/slide3.jpg]
[www.pixel-industry.com/html/metropolis/metropolis-default/img/about/team1.jpg]
[www.pixel-industry.com/html/metropolis/metropolis-default/img/about/team2.jpg]
[www.pixel-industry.com/html/metropolis/metropolis-default/img/about/team3.jpg]
[www.pixel-industry.com/html/metropolis/metropolis-default/img/about/team4.jpg]
[www.pixel-industry.com/html/metropolis/metropolis-default/img/about/client1.png]
[www.pixel-industry.com/html/metropolis/metropolis-default/img/about/client2.png]
[www.pixel-industry.com/html/metropolis/metropolis-default/img/about/client3.png]
[www.pixel-industry.com/html/metropolis/metropolis-default/img/about/client4.png]
[www.pixel-industry.com/html/metropolis/metropolis-default/img/about/client5.png]
[www.pixel-industry.com/html/metropolis/metropolis-default/img/about/client6.png]
[www.pixel-industry.com/html/metropolis/metropolis-default/js/jquery.nivo.slider.js]
[www.pixel-industry.com/html/metropolis/metropolis-default/about.html]
[www.pixel-industry.com/html/metropolis/metropolis-default/img/about/slide4.jpg]
[www.pixel-industry.com/html/metropolis/metropolis-default/img/about/slide5.jpg]
[www.pixel-industry.com/html/metropolis/metropolis-default/img/about/slide6.jpg]
[www.pixel-industry.com/html/metropolis/metropolis-default/services.html]
[www.pixel-industry.com/html/metropolis/metropolis-default/img/about/faq.jpg]
[www.pixel-industry.com/html/metropolis/metropolis-default/faq.html]
[www.pixel-industry.com/html/metropolis/metropolis-default/img/blog/blog-1.jpg]
[www.pixel-industry.com/html/metropolis/metropolis-default/page-sidebar-left.html]
[www.pixel-industry.com/html/metropolis/metropolis-default/page-sidebar-right.html]
[www.pixel-industry.com/html/metropolis/metropolis-default/js/quicksand.js]
[www.pixel-industry.com/html/metropolis/metropolis-default/portfolio1.html]
[www.pixel-industry.com/html/metropolis/metropolis-default/portfolio2.html]
[www.pixel-industry.com/html/metropolis/metropolis-default/portfolio2-alt.html]
[www.pixel-industry.com/html/metropolis/metropolis-default/img/portfolio/thumb/portfolio-9.jpg]
[www.pixel-industry.com/html/metropolis/metropolis-default/img/portfolio/1col/portfolio-9.jpg]
[www.pixel-industry.com/html/metropolis/metropolis-default/portfolio3.html]
[www.pixel-industry.com/html/metropolis/metropolis-default/portfolio3-alt.html]
[www.pixel-industry.com/html/metropolis/metropolis-default/portfolio4.html]
[www.pixel-industry.com/html/metropolis/metropolis-default/portfolio4-alt.html]
[www.pixel-industry.com/html/metropolis/metropolis-default/portfolio-gallery.html]
[www.pixel-industry.com/html/metropolis/metropolis-default/img/portfolio/single-1.jpg]
[www.pixel-industry.com/html/metropolis/metropolis-default/img/portfolio/single-2.jpg]
[www.pixel-industry.com/html/metropolis/metropolis-default/img/portfolio/single-3.jpg]
[www.pixel-industry.com/html/metropolis/metropolis-default/portfolio-single.html]
[www.pixel-industry.com/html/metropolis/metropolis-default/js/jplayer/skin/pixel-industry/pixel-industry.css]
[www.pixel-industry.com/html/metropolis/metropolis-default/img/blog/blog-2.jpg]
[www.pixel-industry.com/html/metropolis/metropolis-default/img/blog/blog-3.jpg]
[www.pixel-industry.com/html/metropolis/metropolis-default/img/blog/blog-4.jpg]
[www.pixel-industry.com/html/metropolis/metropolis-default/blog.html]
[www.pixel-industry.com/html/metropolis/metropolis-default/blog-alt.html]
[www.pixel-industry.com/html/metropolis/metropolis-default/img/blog/author.jpg]
[www.pixel-industry.com/html/metropolis/metropolis-default/js/jplayer/jquery.jplayer.min.js]
[www.pixel-industry.com/html/metropolis/metropolis-default/img/blog/comment.jpg]
[www.pixel-industry.com/html/metropolis/metropolis-default/sharre/jquery.sharrre-1.3.4.min.js]
[www.pixel-industry.com/html/metropolis/metropolis-default/blog-single.html]
[www.pixel-industry.com/html/metropolis/metropolis-default/shortcodes.html]
[www.pixel-industry.com/html/metropolis/metropolis-default/js/jquery.ui.map.full.min.js]
[www.pixel-industry.com/html/metropolis/metropolis-default/contact.html]
[www.pixel-industry.com/html/metropolis/metropolis-default/pixons/fonts/pixons.svg]
[www.pixel-industry.com/html/metropolis/metropolis-default/font-awesome/font/fontawesome-webfont.svg]
[www.pixel-industry.com/html/metropolis/metropolis-default/css/nivo-slider.css]
[www.pixel-industry.com/html/metropolis/metropolis-default/js/jplayer/skin/pixel-industry/images/play.png]
[www.pixel-industry.com/html/metropolis/metropolis-default/js/jplayer/skin/pixel-industry/images/pause.png]
[www.pixel-industry.com/html/metropolis/metropolis-default/js/jplayer/skin/pixel-industry/images/mute-off.png]
[www.pixel-industry.com/html/metropolis/metropolis-default/js/jplayer/skin/pixel-industry/images/mute-on.png]
[www.pixel-industry.com/html/metropolis/metropolis-default/js/jplayer/skin/pixel-industry/pixel-industry.css]
[www.pixel-industry.com/html/metropolis/metropolis-default/js/jplayer/skin/pixel-industry/images/mute-on.png]
